// Jest Snapshot v1, https://goo.gl/fbAQLP

exports[`NavBar should match the snapshot 1`] = `
<Fragment>
  <nav>
    <div
      className="vertical point"
    >
      <img
        alt="statistics"
        src="user.svg"
      />
      <NavLink
        className="route"
        to="/profile"
      >
        Profile
      </NavLink>
    </div>
    <div
      className="vertical point"
    >
      <img
        alt="statistics"
        src="groceries.svg"
      />
      <NavLink
        className="route"
        to="/grocery_list"
      >
        Grocery List
      </NavLink>
    </div>
    <div
      className="vertical point"
    >
      <img
        alt="statistics"
        src="clipboard.svg"
      />
      <NavLink
        className="route"
        to="/inventory"
      >
        Inventory
      </NavLink>
    </div>
    <div
      className="vertical point"
    >
      <img
        alt="statistics"
        src="chef.svg"
      />
      <NavLink
        className="route"
        to="/recipes"
      >
        Recipes
      </NavLink>
    </div>
    <div
      className="vertical point"
    >
      <img
        alt="statistics"
        src="bar-chart.svg"
      />
      <NavLink
        className="route"
        to="/stats"
      >
        Stats
      </NavLink>
    </div>
  </nav>
</Fragment>
`;
