// Jest Snapshot v1, https://goo.gl/fbAQLP

exports[`Inventory should match the snapshot 1`] = `
<section
  className="inventory page"
>
  <p>
    Inventory
  </p>
</section>
`;
