// Jest Snapshot v1, https://goo.gl/fbAQLP

exports[`GroceryList should match the snapshot 1`] = `
<section
  className="grocery-list page"
>
  <p>
    GroceryList
  </p>
</section>
`;
